DEBUG    root:utils.py:105 ===== start core.utils =====
DEBUG    root:utils.py:105 ===== start utils =====
